scratch/A891.c             OvlFunc_891_20095d4        ->      3 drop=- 
scratch/A891b.c            OvlFunc_891_20095d4        ->      3 drop=- 
scratch/A891c.c            OvlFunc_891_20095d4        ->      3 drop=- 
scratch/A90b8.c: no reference found
scratch/A90b8b.c: no reference found
scratch/A92208.c: no reference found
scratch/A9ef4.c: no reference found
scratch/Ab66c.c: no reference found
scratch/Ab66c_B.c: no reference found
scratch/Ababdc.c           Func_80babdc               ->      2 drop=- 
scratch/B80c0.c            OvlFunc_973_20080c0        ->      9 drop=- 
scratch/B80c0b.c           OvlFunc_973_20080c0        ->      9 drop=- 
scratch/B80c0c.c           OvlFunc_973_20080c0        ->     23 drop=- 
scratch/B80c0d.c           OvlFunc_973_20080c0        ->      7 drop=- 
scratch/B8ec8.c: no reference found
scratch/B8ec8b.c: no reference found
scratch/B8ec8c.c: no reference found
scratch/B8ec8d.c: no reference found
scratch/Bb8824.c           Func_80b8824               ->     44 drop=- 
scratch/Bb8824b.c          Func_80b8824               ->     30 drop=- 
scratch/Bb8824c.c          Func_80b8824               ->     30 drop=- 
scratch/Bb8824d.c          Func_80b8824               ->     30 drop=- 
scratch/Bc3bc.c: no reference found
scratch/Bc3bc_B.c: no reference found
scratch/CL_one.c           Func_80b0a20               ->     21 drop=- 
scratch/CL_two.c           Func_80b0a20               ->     21 drop=- 
scratch/Ca7dc.c            OvlFunc_881_200a7dc        ->     32 drop=- 
scratch/Cflag.c: no reference found
scratch/Cg_G.c: no reference found
scratch/Cg_H.c: no reference found
scratch/Cg_I.c: no reference found
scratch/Cg_J.c: no reference found
scratch/Cg_K.c: no reference found
scratch/Cget_A.c: no reference found
scratch/Cget_B.c: no reference found
scratch/Cget_C.c: no reference found
scratch/Cget_D.c: no reference found
scratch/Cget_E.c: no reference found
scratch/Cget_F.c: no reference found
scratch/Cyesnob.c          YesNoMenu                  ->     39 drop=- 
scratch/Cyesnoc.c          YesNoMenu                  ->     39 drop=- 
scratch/D167ac.c: no reference found
scratch/D167ac_ST.c: no reference found
scratch/D167acb.c: no reference found
scratch/D80b0.c: no reference found
scratch/D810c.c            OvlFunc_966_200810c        ->      5 drop=- 
scratch/D810cb.c           OvlFunc_966_200810c        ->      5 drop=- 
scratch/D8e84.c            OvlFunc_883_2008e84        ->      3 drop=- 
scratch/D8e84b.c           OvlFunc_883_2008e84        ->      3 drop=- 
scratch/D8e84c.c           OvlFunc_883_2008e84        ->      3 drop=- 
scratch/D8e84d.c           OvlFunc_883_2008e84        ->      3 drop=- 
scratch/D8f5c.c            OvlFunc_883_2008f5c        ->      3 drop=- 
scratch/D91d8.c            OvlFunc_948_20091d8        ->      8 drop=- 
scratch/D91d8b.c           OvlFunc_948_20091d8        ->      8 drop=- 
scratch/D92b08.c           Func_8092b08               ->     17 drop=- 
scratch/D92b08b.c          Func_8092b08               ->     17 drop=- 
scratch/Dabe0.c            OvlFunc_932_200abe0        ->     51 drop=- 
scratch/Dabe0_B.c          OvlFunc_932_200abe0        ->     44 drop=- 
scratch/Dabe0_C.c          OvlFunc_932_200abe0        ->     42 drop=- 
scratch/Dabe0_D.c          OvlFunc_932_200abe0        ->     38 drop=- 
scratch/Dabe0_E.c          OvlFunc_932_200abe0        ->      5 drop=- 
scratch/Dabe0_F.c          OvlFunc_932_200abe0        ->      5 drop=- 
scratch/Dabe0_G.c          OvlFunc_932_200abe0        ->      5 drop=- 
scratch/Dabe0_best.c       OvlFunc_932_200abe0        ->      5 drop=- 
scratch/Dadcc.c            OvlFunc_924_200adcc        ->      9 drop=- 
scratch/Dadcc_A.c          OvlFunc_924_200adcc        ->      9 drop=- 
scratch/Dadcc_B.c          OvlFunc_924_200adcc        ->      9 drop=- 
scratch/Dadcc_C.c          OvlFunc_924_200adcc        ->      5 drop=- 
scratch/Dadcc_D.c          OvlFunc_924_200adcc        ->      9 drop=- 
scratch/Dadcc_E.c          OvlFunc_924_200adcc        ->      5 drop=- 
scratch/Dadcc_F.c          OvlFunc_924_200adcc        ->      9 drop=- 
scratch/Dadcc_G.c          OvlFunc_924_200adcc        ->      5 drop=- 
scratch/Dadcc_H.c          OvlFunc_924_200adcc        ->      9 drop=- 
scratch/Dadcc_I.c          OvlFunc_924_200adcc        ->      5 drop=- 
scratch/Db6e7c.c           GetWeaponType              ->     27 drop=- 
scratch/Db6e7cb.c          GetWeaponType              ->     25 drop=- 
scratch/E89cc.c: no reference found
scratch/E89cc_B.c: no reference found
scratch/E98b8.c: no reference found
scratch/E98b8b.c: no reference found
scratch/E9a14.c: no reference found
scratch/Eb7b4.c            OvlFunc_945_200b7b4        ->     11 drop=- 
scratch/Ec0c.c: no reference found
scratch/Eddc.c: no reference found
scratch/Ef3858.c           Func_80f3858               ->      7 drop=- 
scratch/Ef3858b.c          Func_80f3858               ->     20 drop=- 
scratch/Efb4.c: no reference found
scratch/F8c2dc.c           Func_808c2dc               ->     19 drop=- 
scratch/F91814.c: no reference found
scratch/F91814b.c: no reference found
scratch/F95cc.c: no reference found
scratch/F95cc_B.c: no reference found
scratch/F95cc_C.c: no reference found
scratch/F9984.c            OvlFunc_909_2009984        ->     14 drop=- 
scratch/Fa68c.c            OvlFunc_926_200a68c        ->      3 drop=- 
scratch/Fa68cb.c           OvlFunc_926_200a68c        ->     35 drop=__MapActor_Jump 
scratch/Fa68cc.c           OvlFunc_926_200a68c        ->      3 drop=- 
scratch/Fa68cd.c           OvlFunc_926_200a68c        ->      3 drop=- 
scratch/Fbf250.c           Func_80bf250               ->     40 drop=- 
scratch/Fbf250b.c          Func_80bf250               ->     42 drop=- 
scratch/Fbf250c.c          Func_80bf250               ->     42 drop=- 
scratch/Fbf250d.c          Func_80bf250               ->     40 drop=- 
scratch/Fbf250e.c          Func_80bf250               ->     44 drop=- 
scratch/Fbf250f.c          Func_80bf250               ->     44 drop=- 
scratch/Fbf250g.c          Func_80bf250               ->     44 drop=- 
scratch/Fc1054.c           Func_80c1054               ->     19 drop=- 
scratch/Fc1054b.c          Func_80c1054               ->     19 drop=- 
scratch/G8048.c: no reference found
scratch/G807c.c: no reference found
scratch/G807cb.c: no reference found
scratch/G807cc.c: no reference found
scratch/G807cd.c: no reference found
scratch/G807ce.c: no reference found
scratch/G807cf.c: no reference found
scratch/G8388.c            OvlFunc_926_2008388        ->     25 drop=- 
scratch/G8388b.c           OvlFunc_926_2008388        ->     25 drop=- 
scratch/G937.c: no reference found
scratch/G9888.c            OvlFunc_881_2009888        ->     58 drop=__SetCameraTarget 
scratch/Ga3ce4.c           Func_80a3ce4               -> 1000000000 drop=- 
scratch/Gb51c.c            OvlFunc_945_200b51c        ->     77 drop=OvlFunc_945_200c890,OvlFunc_945_200c8e8 
scratch/Gb8fc.c: no reference found
scratch/Gb_0.c             OvlFunc_945_200b51c        ->     77 drop=OvlFunc_945_200c890,OvlFunc_945_200c8e8 
scratch/Gb_1.c             OvlFunc_945_200b51c        ->     77 drop=OvlFunc_945_200c890,OvlFunc_945_200c8e8 
scratch/Gb_2.c             OvlFunc_945_200b51c        ->     77 drop=OvlFunc_945_200c890,OvlFunc_945_200c8e8 
scratch/Gb_3.c             OvlFunc_945_200b51c        ->     77 drop=OvlFunc_945_200c890,OvlFunc_945_200c8e8 
scratch/Gb_4.c             OvlFunc_945_200b51c        ->     79 drop=OvlFunc_945_200c890,OvlFunc_945_200c8e8 
scratch/Gb_5.c             OvlFunc_945_200b51c        ->     79 drop=OvlFunc_945_200c890,OvlFunc_945_200c8e8 
scratch/GetFlagByte_best.c: no reference found
scratch/H1490.c: no reference found
scratch/H1490b.c: no reference found
scratch/H1490c.c: no reference found
scratch/H8310.c: no reference found
scratch/H895.c             OvlFunc_895_2008154        -> 1000000000 drop=- 
scratch/H8b3c.c: no reference found
scratch/H8bd8.c: no reference found
scratch/H92f0_best.c: no reference found
scratch/H9424.c            OvlFunc_955_2009424        ->     97 drop=- 
scratch/H9424_B.c          OvlFunc_955_2009424        ->     71 drop=OvlFunc_common1_15b8,__SetCameraTarget,__Func_80933d4,OvlFunc_955_2008950 
scratch/H9424_C.c          OvlFunc_955_2009424        ->     97 drop=- 
scratch/H9424_D.c          OvlFunc_955_2009424        ->     97 drop=- 
scratch/H9424_OFF.c        OvlFunc_955_2009424        ->     97 drop=- 
scratch/H9424_best.c       OvlFunc_955_2009424        ->     71 drop=__SetCameraTarget,__Func_80933d4,OvlFunc_955_2008950 
scratch/I8200.c            OvlFunc_919_2008200        ->     17 drop=- 
scratch/I8200b.c           OvlFunc_919_2008200        ->     17 drop=- 
scratch/I8200c.c           OvlFunc_919_2008200        ->     18 drop=- 
scratch/I8200d.c           OvlFunc_919_2008200        ->     18 drop=- 
scratch/I89f8.c: no reference found
scratch/I89f8p.c: no reference found
scratch/Ia5f8.c: no reference found
scratch/Ib0840.c: no reference found
scratch/Ib0840b.c: no reference found
scratch/Ib0840c.c: no reference found
scratch/Ib84.c: no reference found
scratch/Ib84_B.c: no reference found
scratch/Ib84_C.c: no reference found
scratch/Icd4b4.c: no reference found
scratch/J1e858.c: no reference found
scratch/J8370.c: no reference found
scratch/J8c1c.c            OvlFunc_901_2008c1c        ->      2 drop=- 
scratch/J8c1cb.c           OvlFunc_901_2008c1c        ->      4 drop=- 
scratch/J8c1cc.c           OvlFunc_901_2008c1c        ->      2 drop=- 
scratch/J8c1cd.c           OvlFunc_901_2008c1c        ->      2 drop=- 
scratch/J8c1ce.c           OvlFunc_901_2008c1c        ->      2 drop=- 
scratch/J8c1cf.c           OvlFunc_901_2008c1c        ->     16 drop=- 
scratch/J8f10.c            OvlFunc_957_2008f10        ->     43 drop=- 
scratch/J8f10b.c           OvlFunc_957_2008f10        ->     43 drop=- 
scratch/J8f10c.c           OvlFunc_957_2008f10        ->     18 drop=- 
scratch/J8f10d.c           OvlFunc_957_2008f10        ->     19 drop=- 
scratch/J8f10e.c           OvlFunc_957_2008f10        ->     19 drop=- 
scratch/Jcc8.c: no reference found
scratch/K1e940.c: no reference found
scratch/K1e940b.c: no reference found
scratch/K33d4.c            Func_80a33d4               ->     16 drop=- 
scratch/K33d4_B.c          Func_80a33d4               ->     45 drop=- 
scratch/K33d4_C.c          Func_80a33d4               ->     45 drop=- 
scratch/K8098.c: no reference found
scratch/K8098b.c: no reference found
scratch/K9644.c: no reference found
scratch/K9704.c: no reference found
scratch/Ka46c.c: no reference found
scratch/Ka5c8.c: no reference found
scratch/L1c154.c           Func_801c154               ->     10 drop=- 
scratch/L1c8a0.c           Func_801c8a0               ->     44 drop=- 
scratch/L1c8a0_A.c         Func_801c8a0               ->     47 drop=- 
scratch/L1c8a0_B.c         Func_801c8a0               ->     44 drop=- 
scratch/L1c8a0_C.c         Func_801c8a0               ->     44 drop=- 
scratch/L1c8a0_D.c         Func_801c8a0               ->     44 drop=- 
scratch/L1c8a0_E.c         Func_801c8a0               ->     44 drop=- 
scratch/L1c8a0_F.c         Func_801c8a0               ->     44 drop=- 
scratch/L1c8a0_best.c      Func_801c8a0               ->     44 drop=- 
scratch/L1c8a0_v.c         Func_801c8a0               ->     57 drop=- 
scratch/L20a60.c: no reference found
scratch/L218dc.c           Func_80218dc               ->      4 drop=- 
scratch/L218dc_B.c         Func_80218dc               ->      4 drop=- 
scratch/L2ebc.c            Func_80f2ebc               ->     38 drop=- 
scratch/L2ebc_B.c          Func_80f2ebc               ->     38 drop=- 
scratch/L2ebc_C.c          Func_80f2ebc               ->     38 drop=- 
scratch/L2ebc_D.c          Func_80f2ebc               ->     38 drop=- 
scratch/L3e4.c: no reference found
scratch/L4428.c            Func_8094428               ->     48 drop=- 
scratch/L4428_B.c          Func_8094428               ->     48 drop=- 
scratch/L60fc.c            Func_80160fc               ->     52 drop=- 
scratch/L60fcb.c           Func_80160fc               ->     44 drop=- 
scratch/L78500.c: no reference found
scratch/L78ad0.c           Func_8078ad0               ->      3 drop=- 
scratch/L78ad0_v.c         Func_8078ad0               ->      8 drop=- 
scratch/L8054.c: no reference found
scratch/L8054b.c           OvlFunc_904_2008054        ->     21 drop=- 
scratch/L8054b_A.c         OvlFunc_904_2008054        ->     21 drop=- 
scratch/L8054b_B.c         OvlFunc_904_2008054        ->     21 drop=- 
scratch/L8054b_C.c         OvlFunc_904_2008054        ->     21 drop=- 
scratch/L807c.c            OvlFunc_931_200807c        ->      6 drop=- 
scratch/L807c_A.c          OvlFunc_931_200807c        ->      6 drop=- 
scratch/L807c_B.c          OvlFunc_931_200807c        ->      6 drop=- 
scratch/L807c_C.c          OvlFunc_931_200807c        ->     10 drop=- 
scratch/L808c.c            OvlFunc_881_200808c        ->     26 drop=- 
scratch/L808c_A.c          OvlFunc_881_200808c        ->     26 drop=- 
scratch/L808c_B.c          OvlFunc_881_200808c        ->     26 drop=- 
scratch/L80dc.c: no reference found
scratch/L80dc_v.c: no reference found
scratch/L8158.c: no reference found
scratch/L8158_A.c: no reference found
scratch/L8158_B.c: no reference found
scratch/L8184.c: no reference found
scratch/L81e8.c: no reference found
scratch/L81e8_A.c: no reference found
scratch/L8204.c: no reference found
scratch/L8264.c: no reference found
scratch/L8264_B.c: no reference found
scratch/L8264_C.c: no reference found
scratch/L8264_D.c: no reference found
scratch/L8264_E.c: no reference found
scratch/L8264_F.c: no reference found
scratch/L8264_G.c: no reference found
scratch/L8264_H.c: no reference found
scratch/L8264_I.c: no reference found
scratch/L8264_J.c: no reference found
scratch/L82b4.c            OvlFunc_911_20082b4        ->      4 drop=__Func_809228c 
scratch/L82b4_A.c          OvlFunc_911_20082b4        ->     38 drop=- 
scratch/L82b8.c: no reference found
scratch/L82b8_A.c: no reference found
scratch/L82b8_B.c: no reference found
scratch/L82b8_C.c: no reference found
scratch/L82b8_D.c: no reference found
scratch/L82f0.c            OvlFunc_949_20082f0        ->     61 drop=__Func_8092848 
scratch/L82f0_B.c          OvlFunc_949_20082f0        ->     61 drop=__Func_8092848 
scratch/L82f0_C.c          OvlFunc_949_20082f0        ->     61 drop=__Func_8092848 
scratch/L82f0_D.c          OvlFunc_949_20082f0        ->     61 drop=__Func_8092848 
scratch/L82f0b.c           OvlFunc_949_20082f0        ->     69 drop=__Func_8092848 
scratch/L8308.c            OvlFunc_967_2008308        ->     59 drop=__Func_8092304 
scratch/L8308_A.c          OvlFunc_967_2008308        ->     81 drop=__MapActor_Emote 
scratch/L8308_B.c          OvlFunc_967_2008308        ->     30 drop=__Func_8092304 
scratch/L8338.c: no reference found
scratch/L8338_A.c: no reference found
scratch/L8338_B.c: no reference found
scratch/L8348.c: no reference found
scratch/L8348_A.c: no reference found
scratch/L835c.c: no reference found
scratch/L835c_A.c: no reference found
scratch/L8468.c            OvlFunc_944_2008468        ->      2 drop=- 
scratch/L84a0.c: no reference found
scratch/L84a0_both.c: no reference found
scratch/L84f0.c: no reference found
scratch/L853c.c: no reference found
scratch/L853c_A.c: no reference found
scratch/L853c_B.c: no reference found
scratch/L853c_C.c: no reference found
scratch/L858c.c            OvlFunc_901_200858c        ->     71 drop=- 
scratch/L858c_A.c          OvlFunc_901_200858c        ->     61 drop=__MapActor_Emote,__Func_8093040 
scratch/L858c_B.c          OvlFunc_901_200858c        ->     61 drop=__MapActor_Emote,__Func_8093040 
scratch/L858c_C.c          OvlFunc_901_200858c        ->     71 drop=- 
scratch/L858c_D.c          OvlFunc_901_200858c        ->     71 drop=- 
scratch/L858c_E.c          OvlFunc_901_200858c        ->     71 drop=- 
scratch/L858c_F.c          OvlFunc_901_200858c        ->     71 drop=- 
scratch/L85a4.c            OvlFunc_952_20085a4        ->      1 drop=__Func_8092c40 
scratch/L85a4_A.c          OvlFunc_952_20085a4        ->     70 drop=__MapActor_SetPos,__Func_808f1c0,__MapActor_SetAnim 
scratch/L85a4_B.c          OvlFunc_952_20085a4        ->     70 drop=__MapActor_SetPos,__Func_808f1c0,__MapActor_SetAnim 
scratch/L85a4_C.c          OvlFunc_952_20085a4        ->      3 drop=__Func_8092c40 
scratch/L85a4_D.c          OvlFunc_952_20085a4        ->      1 drop=__Func_8092c40 
scratch/L85a4_E.c          OvlFunc_952_20085a4        ->      1 drop=__Func_8092c40 
scratch/L85a4_F.c          OvlFunc_952_20085a4        ->      1 drop=__Func_8092c40 
scratch/L85ec.c: no reference found
scratch/L8658.c: no reference found
scratch/L8728.c: no reference found
scratch/L87b0.c: no reference found
scratch/L87b0_A.c: no reference found
scratch/L87b0_B.c: no reference found
scratch/L87b0_C.c: no reference found
scratch/L87f0.c: no reference found
scratch/L888c.c: no reference found
scratch/L88f0.c: no reference found
scratch/L891c.c: no reference found
scratch/L8920.c: no reference found
scratch/L892c.c: no reference found
scratch/L892c_B.c: no reference found
scratch/L892c_C.c: no reference found
scratch/L892c_D.c: no reference found
scratch/L892c_E.c: no reference found
scratch/L8950.c            OvlFunc_943_2008950        ->     35 drop=- 
scratch/L8950_A.c          OvlFunc_943_2008950        ->     35 drop=- 
scratch/L8974.c: no reference found
scratch/L8974_A.c: no reference found
scratch/L89f8.c: no reference found
scratch/L8a80.c            OvlFunc_901_2008a80        ->      2 drop=- 
scratch/L8a80_A.c          OvlFunc_901_2008a80        ->      2 drop=- 
scratch/L8a80_B.c          OvlFunc_901_2008a80        ->      2 drop=- 
scratch/L8ad0.c: no reference found
scratch/L8adc.c: no reference found
scratch/L8b08.c: no reference found
scratch/L8b0c.c            OvlFunc_939_2008b0c        ->      2 drop=- 
scratch/L8b2c.c            OvlFunc_930_2008b2c        ->     33 drop=__Func_809259c 
scratch/L8ba8.c: no reference found
scratch/L8ba8_A.c: no reference found
scratch/L8ba8_B.c: no reference found
scratch/L8bb8.c: no reference found
scratch/L8bb8_B.c: no reference found
scratch/L8d08.c            OvlFunc_931_2008d08        ->      7 drop=- 
scratch/L8d08_A.c          OvlFunc_931_2008d08        ->      7 drop=- 
scratch/L8d08_B.c          OvlFunc_931_2008d08        ->      7 drop=- 
scratch/L8d08_C.c          OvlFunc_931_2008d08        ->      7 drop=- 
scratch/L8d08_D.c          OvlFunc_931_2008d08        ->      7 drop=- 
scratch/L8d08_ST.c         OvlFunc_931_2008d08        ->      7 drop=- 
scratch/L8d58.c            OvlFunc_931_2008d58        ->     26 drop=__Func_80933d4 
scratch/L8d58_A.c          OvlFunc_931_2008d58        ->     26 drop=__Func_80933d4 
scratch/L8dc8.c            OvlFunc_960_2008dc8        ->     14 drop=- 
scratch/L8dc8_A.c          OvlFunc_960_2008dc8        ->     14 drop=- 
scratch/L8eac.c            OvlFunc_965_2008eac        ->     60 drop=- 
scratch/L8eac_B.c          OvlFunc_965_2008eac        ->     60 drop=- 
scratch/L8eec.c: no reference found
scratch/L8eec_B.c: no reference found
scratch/L8f14.c: no reference found
scratch/L8f80.c: no reference found
scratch/L8f8c.c            OvlFunc_971_2008f8c        ->     45 drop=- 
scratch/L8f8c_A.c          OvlFunc_971_2008f8c        ->     50 drop=- 
scratch/L8f8c_B.c          OvlFunc_971_2008f8c        ->     45 drop=- 
scratch/L8f94.c: no reference found
scratch/L9048.c: no reference found
scratch/L9090.c            OvlFunc_966_2009090        ->     89 drop=- 
scratch/L90c0.c            OvlFunc_924_20090c0        ->     22 drop=- 
scratch/L90c0_A.c          OvlFunc_924_20090c0        ->     22 drop=- 
scratch/L90c0_B.c          OvlFunc_924_20090c0        ->     22 drop=- 
scratch/L91a0.c: no reference found
scratch/L91a0_A.c: no reference found
scratch/L91bc.c            OvlFunc_971_20091bc        ->      2 drop=- 
scratch/L91bc_A.c          OvlFunc_971_20091bc        ->      2 drop=- 
scratch/L91bc_B.c          OvlFunc_971_20091bc        ->      2 drop=- 
scratch/L91bc_C.c          OvlFunc_971_20091bc        ->      2 drop=- 
scratch/L91bc_D.c          OvlFunc_971_20091bc        ->      2 drop=- 
scratch/L91c4.c            OvlFunc_953_20091c4        ->     10 drop=- 
scratch/L91c4_A.c          OvlFunc_953_20091c4        ->     10 drop=- 
scratch/L91c4_B.c          OvlFunc_953_20091c4        ->     10 drop=- 
scratch/L91c4_C.c          OvlFunc_953_20091c4        ->     10 drop=- 
