scratch/A891.c             OvlFunc_891_20095d4        ->      3 drop=- 
scratch/A891b.c            OvlFunc_891_20095d4        ->      3 drop=- 
scratch/A891c.c            OvlFunc_891_20095d4        ->      3 drop=- 
scratch/A90b8.c: no reference found
scratch/A90b8b.c: no reference found
scratch/A92208.c: no reference found
scratch/A9ef4.c: no reference found
scratch/Ab66c.c: no reference found
scratch/Ab66c_B.c: no reference found
scratch/Ababdc.c           Func_80babdc               ->      2 drop=- 
scratch/B80c0.c            OvlFunc_973_20080c0        ->      9 drop=- 
scratch/B80c0b.c           OvlFunc_973_20080c0        ->      9 drop=- 
scratch/B80c0c.c           OvlFunc_973_20080c0        ->     23 drop=- 
scratch/B80c0d.c           OvlFunc_973_20080c0        ->      7 drop=- 
scratch/B8ec8.c: no reference found
scratch/B8ec8b.c: no reference found
scratch/B8ec8c.c: no reference found
scratch/B8ec8d.c: no reference found
scratch/Bb8824.c           Func_80b8824               ->     44 drop=- 
scratch/Bb8824b.c          Func_80b8824               ->     30 drop=- 
scratch/Bb8824c.c          Func_80b8824               ->     30 drop=- 
scratch/Bb8824d.c          Func_80b8824               ->     30 drop=- 
scratch/Bc3bc.c: no reference found
scratch/Bc3bc_B.c: no reference found
scratch/CL_one.c           Func_80b0a20               ->     21 drop=- 
scratch/CL_two.c           Func_80b0a20               ->     21 drop=- 
scratch/Ca7dc.c            OvlFunc_881_200a7dc        ->     32 drop=- 
scratch/Cflag.c: no reference found
scratch/Cg_G.c: no reference found
scratch/Cg_H.c: no reference found
scratch/Cg_I.c: no reference found
scratch/Cg_J.c: no reference found
scratch/Cg_K.c: no reference found
scratch/Cget_A.c: no reference found
scratch/Cget_B.c: no reference found
scratch/Cget_C.c: no reference found
scratch/Cget_D.c: no reference found
scratch/Cget_E.c: no reference found
scratch/Cget_F.c: no reference found
scratch/Cyesnob.c          YesNoMenu                  ->     39 drop=- 
scratch/Cyesnoc.c          YesNoMenu                  ->     39 drop=- 
scratch/D167ac.c: no reference found
scratch/D167ac_ST.c: no reference found
scratch/D167acb.c: no reference found
scratch/D80b0.c: no reference found
scratch/D810c.c            OvlFunc_966_200810c        ->      5 drop=- 
scratch/D810cb.c           OvlFunc_966_200810c        ->      5 drop=- 
scratch/D8e84.c            OvlFunc_883_2008e84        ->      3 drop=- 
scratch/D8e84b.c           OvlFunc_883_2008e84        ->      3 drop=- 
scratch/D8e84c.c           OvlFunc_883_2008e84        ->      3 drop=- 
scratch/D8e84d.c           OvlFunc_883_2008e84        ->      3 drop=- 
scratch/D8f5c.c            OvlFunc_883_2008f5c        ->      3 drop=- 
scratch/D91d8.c            OvlFunc_948_20091d8        ->      8 drop=- 
scratch/D91d8b.c           OvlFunc_948_20091d8        ->      8 drop=- 
scratch/D92b08.c           Func_8092b08               ->     17 drop=- 
scratch/D92b08b.c          Func_8092b08               ->     17 drop=- 
scratch/Dabe0.c            OvlFunc_932_200abe0        ->     51 drop=- 
scratch/Dabe0_B.c          OvlFunc_932_200abe0        ->     44 drop=- 
scratch/Dabe0_C.c          OvlFunc_932_200abe0        ->     42 drop=- 
scratch/Dabe0_D.c          OvlFunc_932_200abe0        ->     38 drop=- 
scratch/Dabe0_E.c          OvlFunc_932_200abe0        ->      5 drop=- 
scratch/Dabe0_F.c          OvlFunc_932_200abe0        ->      5 drop=- 
scratch/Dabe0_G.c          OvlFunc_932_200abe0        ->      5 drop=- 
scratch/Dabe0_best.c       OvlFunc_932_200abe0        ->      5 drop=- 
scratch/Dadcc.c            OvlFunc_924_200adcc        ->      9 drop=- 
scratch/Dadcc_A.c          OvlFunc_924_200adcc        ->      9 drop=- 
scratch/Dadcc_B.c          OvlFunc_924_200adcc        ->      9 drop=- 
scratch/Dadcc_C.c          OvlFunc_924_200adcc        ->      5 drop=- 
scratch/Dadcc_D.c          OvlFunc_924_200adcc        ->      9 drop=- 
scratch/Dadcc_E.c          OvlFunc_924_200adcc        ->      5 drop=- 
scratch/Dadcc_F.c          OvlFunc_924_200adcc        ->      9 drop=- 
scratch/Dadcc_G.c          OvlFunc_924_200adcc        ->      5 drop=- 
scratch/Dadcc_H.c          OvlFunc_924_200adcc        ->      9 drop=- 
scratch/Dadcc_I.c          OvlFunc_924_200adcc        ->      5 drop=- 
scratch/Db6e7c.c           GetWeaponType              ->     27 drop=- 
scratch/Db6e7cb.c          GetWeaponType              ->     25 drop=- 
scratch/E89cc.c: no reference found
scratch/E89cc_B.c: no reference found
scratch/E98b8.c: no reference found
scratch/E98b8b.c: no reference found
scratch/E9a14.c: no reference found
scratch/Eb7b4.c            OvlFunc_945_200b7b4        ->     11 drop=- 
scratch/Ec0c.c: no reference found
scratch/Eddc.c: no reference found
scratch/Ef3858.c           Func_80f3858               ->      7 drop=- 
scratch/Ef3858b.c          Func_80f3858               ->     20 drop=- 
scratch/Efb4.c: no reference found
scratch/F8c2dc.c           Func_808c2dc               ->     19 drop=- 
scratch/F91814.c: no reference found
scratch/F91814b.c: no reference found
scratch/F95cc.c: no reference found
scratch/F95cc_B.c: no reference found
scratch/F95cc_C.c: no reference found
scratch/F9984.c            OvlFunc_909_2009984        ->     14 drop=- 
scratch/Fa68c.c            OvlFunc_926_200a68c        ->      3 drop=- 
scratch/Fa68cb.c           OvlFunc_926_200a68c        ->     35 drop=__MapActor_Jump 
scratch/Fa68cc.c           OvlFunc_926_200a68c        ->      3 drop=- 
scratch/Fa68cd.c           OvlFunc_926_200a68c        ->      3 drop=- 
scratch/Fbf250.c           Func_80bf250               ->     40 drop=- 
scratch/Fbf250b.c          Func_80bf250               ->     42 drop=- 
scratch/Fbf250c.c          Func_80bf250               ->     42 drop=- 
scratch/Fbf250d.c          Func_80bf250               ->     40 drop=- 
scratch/Fbf250e.c          Func_80bf250               ->     44 drop=- 
scratch/Fbf250f.c          Func_80bf250               ->     44 drop=- 
scratch/Fbf250g.c          Func_80bf250               ->     44 drop=- 
scratch/Fc1054.c           Func_80c1054               ->     19 drop=- 
scratch/Fc1054b.c          Func_80c1054               ->     19 drop=- 
scratch/G8048.c: no reference found
scratch/G807c.c: no reference found
scratch/G807cb.c: no reference found
scratch/G807cc.c: no reference found
scratch/G807cd.c: no reference found
scratch/G807ce.c: no reference found
scratch/G807cf.c: no reference found
scratch/G8388.c            OvlFunc_926_2008388        ->     25 drop=- 
scratch/G8388b.c           OvlFunc_926_2008388        ->     25 drop=- 
scratch/G937.c: no reference found
scratch/G9888.c            OvlFunc_881_2009888        ->     58 drop=__SetCameraTarget 
scratch/Ga3ce4.c           Func_80a3ce4               -> 1000000000 drop=- 
scratch/Gb51c.c            OvlFunc_945_200b51c        ->     77 drop=OvlFunc_945_200c890,OvlFunc_945_200c8e8 
scratch/Gb8fc.c: no reference found
scratch/Gb_0.c             OvlFunc_945_200b51c        ->     77 drop=OvlFunc_945_200c890,OvlFunc_945_200c8e8 
scratch/Gb_1.c             OvlFunc_945_200b51c        ->     77 drop=OvlFunc_945_200c890,OvlFunc_945_200c8e8 
scratch/Gb_2.c             OvlFunc_945_200b51c        ->     77 drop=OvlFunc_945_200c890,OvlFunc_945_200c8e8 
scratch/Gb_3.c             OvlFunc_945_200b51c        ->     77 drop=OvlFunc_945_200c890,OvlFunc_945_200c8e8 
scratch/Gb_4.c             OvlFunc_945_200b51c        ->     79 drop=OvlFunc_945_200c890,OvlFunc_945_200c8e8 
scratch/Gb_5.c             OvlFunc_945_200b51c        ->     79 drop=OvlFunc_945_200c890,OvlFunc_945_200c8e8 
scratch/GetFlagByte_best.c: no reference found
scratch/H1490.c: no reference found
scratch/H1490b.c: no reference found
scratch/H1490c.c: no reference found
scratch/H8310.c: no reference found
scratch/H895.c             OvlFunc_895_2008154        -> 1000000000 drop=- 
scratch/H8b3c.c: no reference found
scratch/H8bd8.c: no reference found
scratch/H92f0_best.c: no reference found
scratch/H9424.c            OvlFunc_955_2009424        ->     97 drop=- 
scratch/H9424_B.c          OvlFunc_955_2009424        ->     71 drop=OvlFunc_common1_15b8,__SetCameraTarget,__Func_80933d4,OvlFunc_955_2008950 
scratch/H9424_C.c          OvlFunc_955_2009424        ->     97 drop=- 
scratch/H9424_D.c          OvlFunc_955_2009424        ->     97 drop=- 
scratch/H9424_OFF.c        OvlFunc_955_2009424        ->     97 drop=- 
scratch/H9424_best.c       OvlFunc_955_2009424        ->     71 drop=__SetCameraTarget,__Func_80933d4,OvlFunc_955_2008950 
scratch/I8200.c            OvlFunc_919_2008200        ->     17 drop=- 
scratch/I8200b.c           OvlFunc_919_2008200        ->     17 drop=- 
scratch/I8200c.c           OvlFunc_919_2008200        ->     18 drop=- 
scratch/I8200d.c           OvlFunc_919_2008200        ->     18 drop=- 
scratch/I89f8.c: no reference found
scratch/I89f8p.c: no reference found
scratch/Ia5f8.c: no reference found
scratch/Ib0840.c: no reference found
scratch/Ib0840b.c: no reference found
scratch/Ib0840c.c: no reference found
scratch/Ib84.c: no reference found
scratch/Ib84_B.c: no reference found
scratch/Ib84_C.c: no reference found
scratch/Icd4b4.c: no reference found
scratch/J1e858.c: no reference found
scratch/J8370.c: no reference found
scratch/J8c1c.c            OvlFunc_901_2008c1c        ->      2 drop=- 
scratch/J8c1cb.c           OvlFunc_901_2008c1c        ->      4 drop=- 
scratch/J8c1cc.c           OvlFunc_901_2008c1c        ->      2 drop=- 
scratch/J8c1cd.c           OvlFunc_901_2008c1c        ->      2 drop=- 
scratch/J8c1ce.c           OvlFunc_901_2008c1c        ->      2 drop=- 
scratch/J8c1cf.c           OvlFunc_901_2008c1c        ->     16 drop=- 
scratch/J8f10.c            OvlFunc_957_2008f10        ->     43 drop=- 
scratch/J8f10b.c           OvlFunc_957_2008f10        ->     43 drop=- 
scratch/J8f10c.c           OvlFunc_957_2008f10        ->     18 drop=- 
scratch/J8f10d.c           OvlFunc_957_2008f10        ->     19 drop=- 
scratch/J8f10e.c           OvlFunc_957_2008f10        ->     19 drop=- 
scratch/Jcc8.c: no reference found
scratch/K1e940.c: no reference found
scratch/K1e940b.c: no reference found
scratch/K33d4.c            Func_80a33d4               ->     16 drop=- 
scratch/K33d4_B.c          Func_80a33d4               ->     45 drop=- 
scratch/K33d4_C.c          Func_80a33d4               ->     45 drop=- 
scratch/K8098.c: no reference found
scratch/K8098b.c: no reference found
scratch/K9644.c: no reference found
scratch/K9704.c: no reference found
scratch/Ka46c.c: no reference found
scratch/Ka5c8.c: no reference found
scratch/L1c154.c           Func_801c154               ->     10 drop=- 
scratch/L1c8a0.c           Func_801c8a0               ->     44 drop=- 
scratch/L1c8a0_A.c         Func_801c8a0               ->     47 drop=- 
scratch/L1c8a0_B.c         Func_801c8a0               ->     44 drop=- 
scratch/L1c8a0_C.c         Func_801c8a0               ->     44 drop=- 
scratch/L1c8a0_D.c         Func_801c8a0               ->     44 drop=- 
scratch/L1c8a0_E.c         Func_801c8a0               ->     44 drop=- 
scratch/L1c8a0_F.c         Func_801c8a0               ->     44 drop=- 
scratch/L1c8a0_best.c      Func_801c8a0               ->     44 drop=- 
scratch/L1c8a0_v.c         Func_801c8a0               ->     57 drop=- 
scratch/L20a60.c: no reference found
scratch/L218dc.c           Func_80218dc               ->      4 drop=- 
scratch/L218dc_B.c         Func_80218dc               ->      4 drop=- 
scratch/L2ebc.c            Func_80f2ebc               ->     38 drop=- 
scratch/L2ebc_B.c          Func_80f2ebc               ->     38 drop=- 
scratch/L2ebc_C.c          Func_80f2ebc               ->     38 drop=- 
scratch/L2ebc_D.c          Func_80f2ebc               ->     38 drop=- 
scratch/L3e4.c: no reference found
scratch/L4428.c            Func_8094428               ->     48 drop=- 
scratch/L4428_B.c          Func_8094428               ->     48 drop=- 
scratch/L60fc.c            Func_80160fc               ->     52 drop=- 
scratch/L60fcb.c           Func_80160fc               ->     44 drop=- 
scratch/L78500.c: no reference found
scratch/L78ad0.c           Func_8078ad0               ->      3 drop=- 
scratch/L78ad0_v.c         Func_8078ad0               ->      8 drop=- 
scratch/L8054.c: no reference found
scratch/L8054b.c           OvlFunc_904_2008054        ->     21 drop=- 
scratch/L8054b_A.c         OvlFunc_904_2008054        ->     21 drop=- 
scratch/L8054b_B.c         OvlFunc_904_2008054        ->     21 drop=- 
scratch/L8054b_C.c         OvlFunc_904_2008054        ->     21 drop=- 
scratch/L807c.c            OvlFunc_931_200807c        ->      6 drop=- 
scratch/L807c_A.c          OvlFunc_931_200807c        ->      6 drop=- 
scratch/L807c_B.c          OvlFunc_931_200807c        ->      6 drop=- 
scratch/L807c_C.c          OvlFunc_931_200807c        ->     10 drop=- 
scratch/L808c.c            OvlFunc_881_200808c        ->     26 drop=- 
scratch/L808c_A.c          OvlFunc_881_200808c        ->     26 drop=- 
scratch/L808c_B.c          OvlFunc_881_200808c        ->     26 drop=- 
scratch/L80dc.c: no reference found
scratch/L80dc_v.c: no reference found
scratch/L8158.c: no reference found
scratch/L8158_A.c: no reference found
scratch/L8158_B.c: no reference found
scratch/L8184.c: no reference found
scratch/L81e8.c: no reference found
scratch/L81e8_A.c: no reference found
scratch/L8204.c: no reference found
scratch/L8264.c: no reference found
scratch/L8264_B.c: no reference found
scratch/L8264_C.c: no reference found
scratch/L8264_D.c: no reference found
scratch/L8264_E.c: no reference found
scratch/L8264_F.c: no reference found
scratch/L8264_G.c: no reference found
scratch/L8264_H.c: no reference found
scratch/L8264_I.c: no reference found
scratch/L8264_J.c: no reference found
scratch/L82b4.c            OvlFunc_911_20082b4        ->      4 drop=__Func_809228c 
scratch/L82b4_A.c          OvlFunc_911_20082b4        ->     38 drop=- 
scratch/L82b8.c: no reference found
scratch/L82b8_A.c: no reference found
scratch/L82b8_B.c: no reference found
scratch/L82b8_C.c: no reference found
scratch/L82b8_D.c: no reference found
scratch/L82f0.c            OvlFunc_949_20082f0        ->     61 drop=__Func_8092848 
scratch/L82f0_B.c          OvlFunc_949_20082f0        ->     61 drop=__Func_8092848 
scratch/L82f0_C.c          OvlFunc_949_20082f0        ->     61 drop=__Func_8092848 
scratch/L82f0_D.c          OvlFunc_949_20082f0        ->     61 drop=__Func_8092848 
scratch/L82f0b.c           OvlFunc_949_20082f0        ->     69 drop=__Func_8092848 
scratch/L8308.c            OvlFunc_967_2008308        ->     59 drop=__Func_8092304 
scratch/L8308_A.c          OvlFunc_967_2008308        ->     81 drop=__MapActor_Emote 
scratch/L8308_B.c          OvlFunc_967_2008308        ->     30 drop=__Func_8092304 
scratch/L8338.c: no reference found
scratch/L8338_A.c: no reference found
scratch/L8338_B.c: no reference found
scratch/L8348.c: no reference found
scratch/L8348_A.c: no reference found
scratch/L835c.c: no reference found
scratch/L835c_A.c: no reference found
scratch/L8468.c            OvlFunc_944_2008468        ->      2 drop=- 
scratch/L84a0.c: no reference found
scratch/L84a0_both.c: no reference found
scratch/L84f0.c: no reference found
scratch/L853c.c: no reference found
scratch/L853c_A.c: no reference found
scratch/L853c_B.c: no reference found
scratch/L853c_C.c: no reference found
scratch/L858c.c            OvlFunc_901_200858c        ->     71 drop=- 
scratch/L858c_A.c          OvlFunc_901_200858c        ->     61 drop=__MapActor_Emote,__Func_8093040 
scratch/L858c_B.c          OvlFunc_901_200858c        ->     61 drop=__MapActor_Emote,__Func_8093040 
scratch/L858c_C.c          OvlFunc_901_200858c        ->     71 drop=- 
scratch/L858c_D.c          OvlFunc_901_200858c        ->     71 drop=- 
scratch/L858c_E.c          OvlFunc_901_200858c        ->     71 drop=- 
scratch/L858c_F.c          OvlFunc_901_200858c        ->     71 drop=- 
scratch/L85a4.c            OvlFunc_952_20085a4        ->      1 drop=__Func_8092c40 
scratch/L85a4_A.c          OvlFunc_952_20085a4        ->     70 drop=__MapActor_SetPos,__Func_808f1c0,__MapActor_SetAnim 
scratch/L85a4_B.c          OvlFunc_952_20085a4        ->     70 drop=__MapActor_SetPos,__Func_808f1c0,__MapActor_SetAnim 
scratch/L85a4_C.c          OvlFunc_952_20085a4        ->      3 drop=__Func_8092c40 
scratch/L85a4_D.c          OvlFunc_952_20085a4        ->      1 drop=__Func_8092c40 
scratch/L85a4_E.c          OvlFunc_952_20085a4        ->      1 drop=__Func_8092c40 
scratch/L85a4_F.c          OvlFunc_952_20085a4        ->      1 drop=__Func_8092c40 
scratch/L85ec.c: no reference found
scratch/L8658.c: no reference found
scratch/L8728.c: no reference found
scratch/L87b0.c: no reference found
scratch/L87b0_A.c: no reference found
scratch/L87b0_B.c: no reference found
scratch/L87b0_C.c: no reference found
scratch/L87f0.c: no reference found
scratch/L888c.c: no reference found
scratch/L88f0.c: no reference found
scratch/L891c.c: no reference found
scratch/L8920.c: no reference found
scratch/L892c.c: no reference found
scratch/L892c_B.c: no reference found
scratch/L892c_C.c: no reference found
scratch/L892c_D.c: no reference found
scratch/L892c_E.c: no reference found
scratch/L8950.c            OvlFunc_943_2008950        ->     35 drop=- 
scratch/L8950_A.c          OvlFunc_943_2008950        ->     35 drop=- 
scratch/L8974.c: no reference found
scratch/L8974_A.c: no reference found
scratch/L89f8.c: no reference found
scratch/L8a80.c            OvlFunc_901_2008a80        ->      2 drop=- 
scratch/L8a80_A.c          OvlFunc_901_2008a80        ->      2 drop=- 
scratch/L8a80_B.c          OvlFunc_901_2008a80        ->      2 drop=- 
scratch/L8ad0.c: no reference found
scratch/L8adc.c: no reference found
scratch/L8b08.c: no reference found
scratch/L8b0c.c            OvlFunc_939_2008b0c        ->      2 drop=- 
scratch/L8b2c.c            OvlFunc_930_2008b2c        ->     33 drop=__Func_809259c 
scratch/L8ba8.c: no reference found
scratch/L8ba8_A.c: no reference found
scratch/L8ba8_B.c: no reference found
scratch/L8bb8.c: no reference found
scratch/L8bb8_B.c: no reference found
scratch/L8d08.c            OvlFunc_931_2008d08        ->      7 drop=- 
scratch/L8d08_A.c          OvlFunc_931_2008d08        ->      7 drop=- 
scratch/L8d08_B.c          OvlFunc_931_2008d08        ->      7 drop=- 
scratch/L8d08_C.c          OvlFunc_931_2008d08        ->      7 drop=- 
scratch/L8d08_D.c          OvlFunc_931_2008d08        ->      7 drop=- 
scratch/L8d08_ST.c         OvlFunc_931_2008d08        ->      7 drop=- 
scratch/L8d58.c            OvlFunc_931_2008d58        ->     26 drop=__Func_80933d4 
scratch/L8d58_A.c          OvlFunc_931_2008d58        ->     26 drop=__Func_80933d4 
scratch/L8dc8.c            OvlFunc_960_2008dc8        ->     14 drop=- 
scratch/L8dc8_A.c          OvlFunc_960_2008dc8        ->     14 drop=- 
scratch/L8eac.c            OvlFunc_965_2008eac        ->     60 drop=- 
scratch/L8eac_B.c          OvlFunc_965_2008eac        ->     60 drop=- 
scratch/L8eec.c: no reference found
scratch/L8eec_B.c: no reference found
scratch/L8f14.c: no reference found
scratch/L8f80.c: no reference found
scratch/L8f8c.c            OvlFunc_971_2008f8c        ->     45 drop=- 
scratch/L8f8c_A.c          OvlFunc_971_2008f8c        ->     50 drop=- 
scratch/L8f8c_B.c          OvlFunc_971_2008f8c        ->     45 drop=- 
scratch/L8f94.c: no reference found
scratch/L9048.c: no reference found
scratch/L9090.c            OvlFunc_966_2009090        ->     89 drop=- 
scratch/L90c0.c            OvlFunc_924_20090c0        ->     22 drop=- 
scratch/L90c0_A.c          OvlFunc_924_20090c0        ->     22 drop=- 
scratch/L90c0_B.c          OvlFunc_924_20090c0        ->     22 drop=- 
scratch/L91a0.c: no reference found
scratch/L91a0_A.c: no reference found
scratch/L91bc.c            OvlFunc_971_20091bc        ->      2 drop=- 
scratch/L91bc_A.c          OvlFunc_971_20091bc        ->      2 drop=- 
scratch/L91bc_B.c          OvlFunc_971_20091bc        ->      2 drop=- 
scratch/L91bc_C.c          OvlFunc_971_20091bc        ->      2 drop=- 
scratch/L91bc_D.c          OvlFunc_971_20091bc        ->      2 drop=- 
scratch/L91c4.c            OvlFunc_953_20091c4        ->     10 drop=- 
scratch/L91c4_A.c          OvlFunc_953_20091c4        ->     10 drop=- 
scratch/L91c4_B.c          OvlFunc_953_20091c4        ->     10 drop=- 
scratch/L91c4_C.c          OvlFunc_953_20091c4        ->     10 drop=- 
scratch/L91c4_D.c          OvlFunc_953_20091c4        ->     10 drop=- 
scratch/L91c4_E.c          OvlFunc_953_20091c4        ->     10 drop=- 
scratch/L9238.c: no reference found
scratch/L9258.c: no reference found
scratch/L93304.c           Func_8093304               ->     19 drop=- 
scratch/L93304_G.c         Func_8093304               ->     19 drop=- 
scratch/L93304_H.c         Func_8093304               ->     30 drop=- 
scratch/L94730.c: no reference found
scratch/L94ac.c            OvlFunc_964_20094ac        ->      4 drop=- 
scratch/L94ac_A.c          OvlFunc_964_20094ac        ->      7 drop=- 
scratch/L94ac_B.c          OvlFunc_964_20094ac        ->      7 drop=- 
scratch/L94ac_C.c          OvlFunc_964_20094ac        ->      5 drop=- 
scratch/L94ac_D.c          OvlFunc_964_20094ac        ->      4 drop=- 
scratch/L95bc.c            OvlFunc_939_20095bc        ->     19 drop=- 
scratch/L95bc_A.c          OvlFunc_939_20095bc        ->     19 drop=- 
scratch/L95bc_B.c          OvlFunc_939_20095bc        ->     19 drop=- 
scratch/L9624.c: no reference found
scratch/L967c.c: no reference found
scratch/L967c_A.c: no reference found
scratch/L97a4.c            OvlFunc_881_20097a4        ->     24 drop=__Actor_SetAnim 
scratch/L97a4_A.c          OvlFunc_881_20097a4        ->     27 drop=__Actor_SetAnim 
scratch/L97a7c.c           Func_8097a7c               ->     33 drop=- 
scratch/L97a7cb.c          Func_8097a7c               ->     12 drop=- 
scratch/L97d8.c: no reference found
scratch/L9818.c            OvlFunc_927_2009818        ->      3 drop=- 
scratch/L98e0.c: no reference found
scratch/L99a4.c            OvlFunc_899_20099a4        ->      5 drop=- 
scratch/L99a4_A.c          OvlFunc_899_20099a4        ->      5 drop=- 
scratch/L99a4_B.c          OvlFunc_899_20099a4        ->      5 drop=- 
scratch/L99a4_C.c          OvlFunc_899_20099a4        ->     27 drop=- 
scratch/L9a64.c: no reference found
scratch/L9ac8.c: no reference found
scratch/L9ad90.c: no reference found
scratch/L9ad90_A.c: no reference found
scratch/L9c08.c            OvlFunc_881_2009c08        ->     34 drop=- 
scratch/L9c08_B.c          OvlFunc_881_2009c08        ->     34 drop=- 
scratch/L9e48.c: no reference found
scratch/La22f4.c           Func_80a22f4               ->     13 drop=- 
scratch/La244.c: no reference found
scratch/La244_A.c: no reference found
scratch/La244_B.c: no reference found
scratch/La2f4.c: no reference found
scratch/La370.c: no reference found
scratch/La370_A.c: no reference found
scratch/La370_B.c: no reference found
scratch/La38c.c: no reference found
scratch/La3ddc.c           Func_80a3ddc               ->     38 drop=- 
scratch/La3ddc_v.c         Func_80a3ddc               ->     38 drop=- 
scratch/La3e0.c: no reference found
scratch/La52c.c: no reference found
scratch/La52c_A.c: no reference found
scratch/La52c_B.c: no reference found
scratch/La52c_C.c: no reference found
scratch/La5c0.c: no reference found
scratch/La5c0_D.c: no reference found
scratch/La5c0_E.c: no reference found
scratch/La5c0_F.c: no reference found
scratch/La5c0_G.c: no reference found
scratch/La5c0_H.c: no reference found
scratch/La5c0_I.c: no reference found
scratch/La5c0_J.c: no reference found
scratch/La5c0_STRUCT.c: no reference found
scratch/La5fe0.c           Func_80a5fe0               ->      7 drop=- 
scratch/La5fe0_v.c         Func_80a5fe0               ->      7 drop=- 
scratch/La820.c: no reference found
scratch/La820_A.c: no reference found
scratch/La820_B.c: no reference found
scratch/La820_C.c: no reference found
scratch/La820_D.c: no reference found
scratch/La8cc0.c           Func_80a8cc0               ->      4 drop=- 
scratch/Laad8.c: no reference found
scratch/Lad28.c: no reference found
scratch/Lb09fc.c           Func_80b09fc               ->     12 drop=- 
scratch/Lb2c.c             OvlFunc_931_2008b2c        ->     68 drop=- 
scratch/Lb2c_B.c           OvlFunc_931_2008b2c        ->     42 drop=- 
scratch/Lb2c_C.c           OvlFunc_931_2008b2c        ->     42 drop=- 
scratch/Lb2c_D.c           OvlFunc_931_2008b2c        ->     42 drop=- 
scratch/Lb6ac.c            OvlFunc_924_200b6ac        ->     12 drop=OvlFunc_common0_18 
scratch/Lb6ac_A.c          OvlFunc_924_200b6ac        ->     12 drop=OvlFunc_common0_18 
scratch/Lb6ac_B.c          OvlFunc_924_200b6ac        ->     12 drop=OvlFunc_common0_18 
scratch/Lb6ac_C.c          OvlFunc_924_200b6ac        ->     12 drop=OvlFunc_common0_18 
scratch/Lb788.c: no reference found
scratch/Lb788_A.c: no reference found
scratch/Lb788_B.c: no reference found
scratch/Lbc48.c            OvlFunc_882_200bc48        ->     40 drop=__Func_8091200 
scratch/Lbd40.c            OvlFunc_952_200bd40        -> 1000000000 drop=- 
scratch/Lbd40_A.c          OvlFunc_952_200bd40        -> 1000000000 drop=- 
scratch/Lbd40_B.c          OvlFunc_952_200bd40        -> 1000000000 drop=- 
scratch/Lbd40_C.c          OvlFunc_952_200bd40        -> 1000000000 drop=- 
scratch/Lbd40_D.c          OvlFunc_952_200bd40        -> 1000000000 drop=- 
scratch/Lc78.c             OvlFunc_common1_78         ->     59 drop=- 
scratch/Lc78c.c            OvlFunc_896_200c78c        ->      6 drop=__StartTask 
scratch/Lc78c_A.c          OvlFunc_896_200c78c        ->      6 drop=__StartTask 
scratch/Lc78c_B.c          OvlFunc_896_200c78c        ->      6 drop=__StartTask 
scratch/Lc78c_C.c          OvlFunc_896_200c78c        ->     54 drop=__StartTask 
scratch/Lc78c_D.c          OvlFunc_896_200c78c        ->      6 drop=__StartTask 
scratch/Lc78c_E.c          OvlFunc_896_200c78c        ->      6 drop=__StartTask 
scratch/Lcommon0_18.c: no reference found
scratch/Ld900.c: no reference found
scratch/Ldb90.c            OvlFunc_969_200db90        ->     11 drop=- 
scratch/Ldb90_B.c          OvlFunc_969_200db90        ->     18 drop=- 
scratch/Ldb90_C.c          OvlFunc_969_200db90        ->     11 drop=- 
scratch/Ldb90_D.c          OvlFunc_969_200db90        ->     18 drop=- 
scratch/Ldb90_G.c          OvlFunc_969_200db90        ->     11 drop=- 
scratch/Ldb90_H.c          OvlFunc_969_200db90        ->     11 drop=- 
scratch/Ldc48.c: no reference found
scratch/Ldc48_A.c: no reference found
scratch/Ldc48_B.c: no reference found
scratch/Lea0.c: no reference found
scratch/Lea0_B.c: no reference found
scratch/Lea0_D.c: no reference found
scratch/Lgetflag.c         GetFlag                    ->      3 drop=- 
scratch/Lgf_v.c            GetFlag                    ->      3 drop=- 
scratch/Linc.c             IncFlagByte                ->     11 drop=- 
scratch/Lmenu.c: no reference found
scratch/M82f4.c            OvlFunc_945_20082f4        ->      5 drop=- 
scratch/M82f4b.c           OvlFunc_945_20082f4        ->      3 drop=- 
scratch/M82f4c.c           OvlFunc_945_20082f4        ->      7 drop=- 
scratch/M82f4d.c           OvlFunc_945_20082f4        ->     32 drop=- 
scratch/Mb6e30.c           Func_80b6e30               ->     17 drop=- 
scratch/Mb6e30b.c          Func_80b6e30               ->     17 drop=- 
scratch/Mb6e30c.c          Func_80b6e30               ->     17 drop=- 
scratch/Mb6e30d.c          Func_80b6e30               ->     15 drop=- 
scratch/Mb6e30e.c          Func_80b6e30               ->     15 drop=- 
scratch/Mbf94.c: no reference found
scratch/N1fd34.c           Func_801fd34               ->     18 drop=- 
scratch/N1fd34b.c          Func_801fd34               ->     18 drop=- 
scratch/N1fd34c.c          Func_801fd34               ->     14 drop=- 
scratch/N1fd34d.c          Func_801fd34               ->     20 drop=- 
scratch/N1fd34e.c          Func_801fd34               ->     12 drop=- 
scratch/N1fd34f.c          Func_801fd34               ->     12 drop=- 
scratch/N20b14.c: no reference found
scratch/N20b14b.c: no reference found
scratch/N8058.c            OvlFunc_945_2008058        ->     18 drop=- 
scratch/N8058b.c           OvlFunc_945_2008058        ->     38 drop=- 
scratch/N8058c.c           OvlFunc_945_2008058        ->     21 drop=- 
scratch/N8328.c            OvlFunc_907_2008328        ->     78 drop=- 
scratch/N8328_B.c          OvlFunc_907_2008328        ->     79 drop=- 
scratch/N8328_C.c          OvlFunc_907_2008328        ->     79 drop=- 
scratch/N8328_D.c          OvlFunc_907_2008328        ->     59 drop=__MapActor_SetAnim 
scratch/N8328_E.c          OvlFunc_907_2008328        ->     59 drop=__MapActor_SetAnim 
scratch/O1219c.c           Func_801219c               ->     23 drop=- 
scratch/O1219cb.c          Func_801219c               ->     17 drop=- 
scratch/O1c9c8.c: no reference found
scratch/O1c9c8b.c: no reference found
scratch/O9394.c: no reference found
scratch/O9394_B.c: no reference found
scratch/Oc9138.c: no reference found
scratch/P1a910.c           Func_801a910               ->     45 drop=- 
scratch/P1a910b.c          Func_801a910               ->     33 drop=- 
scratch/P1a910c.c          Func_801a910               ->     31 drop=- 
scratch/P9874.c            OvlFunc_933_2009874        ->      2 drop=- 
scratch/P9874_B.c          OvlFunc_933_2009874        ->      2 drop=- 
scratch/P9874_C.c          OvlFunc_933_2009874        ->      2 drop=- 
scratch/P9874_D.c          OvlFunc_933_2009874        ->      2 drop=- 
scratch/P9874_E.c          OvlFunc_933_2009874        ->      4 drop=- 
scratch/P9874_F.c          OvlFunc_933_2009874        ->      2 drop=- 
scratch/P9874_G.c          OvlFunc_933_2009874        ->      2 drop=- 
scratch/PA9dc.c: no reference found
scratch/PA9dc_B.c: no reference found
scratch/Pa310.c: no reference found
scratch/Pa310_B.c: no reference found
scratch/Pa310_C.c: no reference found
scratch/Pa310_D.c: no reference found
scratch/Pa40ac.c           Func_80a40ac               ->     48 drop=- 
scratch/Pa40acb.c          Func_80a40ac               ->     37 drop=- 
scratch/Pa40acc.c          Func_80a40ac               ->     45 drop=- 
scratch/Q1ce90.c           Func_801ce90               ->     24 drop=- 
scratch/Q1ce90b.c          Func_801ce90               ->     23 drop=- 
scratch/Q1ce90c.c          Func_801ce90               ->     16 drop=- 
scratch/Q1ce90d.c          Func_801ce90               ->     19 drop=- 
scratch/Q91b4.c            OvlFunc_923_20091b4        ->      2 drop=- 
scratch/Q91b4_B.c          OvlFunc_923_20091b4        ->      2 drop=- 
scratch/Q91b4_C.c          OvlFunc_923_20091b4        ->      2 drop=- 
scratch/Q91b4_D.c          OvlFunc_923_20091b4        ->      2 drop=- 
scratch/Q91b4_E.c          OvlFunc_923_20091b4        ->      2 drop=- 
scratch/Q91b4_F.c          OvlFunc_923_20091b4        ->      2 drop=- 
scratch/Q96bc.c            OvlFunc_936_20096bc        ->     65 drop=- 
scratch/Q96bc_B.c          OvlFunc_936_20096bc        ->     62 drop=- 
scratch/Q96bc_C.c          OvlFunc_936_20096bc        ->      7 drop=__UploadSpriteGFX 
scratch/Q96bc_D.c          OvlFunc_936_20096bc        ->      7 drop=__UploadSpriteGFX 
scratch/Q96bc_E.c          OvlFunc_936_20096bc        ->      7 drop=- 
scratch/Q96bc_F.c          OvlFunc_936_20096bc        ->     61 drop=- 
scratch/Q96bc_best.c       OvlFunc_936_20096bc        ->      7 drop=- 
scratch/Qa40ac.c           Func_80a40ac               ->     37 drop=- 
scratch/Qa40acb.c          Func_80a40ac               ->     38 drop=- 
scratch/Qf0254.c           Func_80f0254               ->     28 drop=- 
scratch/Qf0254b.c          Func_80f0254               ->      5 drop=- 
scratch/Qf0254c.c          Func_80f0254               ->      5 drop=- 
scratch/Qf0254d.c          Func_80f0254               ->      4 drop=- 
scratch/Qf0254e.c          Func_80f0254               ->      5 drop=- 
scratch/R8078.c            OvlFunc_966_2008078        ->      2 drop=- 
scratch/R8078_B.c          OvlFunc_966_2008078        ->      2 drop=- 
scratch/R8078_C.c          OvlFunc_966_2008078        ->      2 drop=- 
scratch/R8078_D.c          OvlFunc_966_2008078        ->     18 drop=__Func_8092adc 
scratch/Ra490.c: no reference found
scratch/Re10.c: no reference found
scratch/Rremove.c          CanRemoveItem              ->     44 drop=- 
scratch/Rremoveb.c         CanRemoveItem              ->     43 drop=- 
scratch/Rremovec.c         CanRemoveItem              ->     43 drop=- 
scratch/S16758.c: no reference found
scratch/S16758b.c: no reference found
scratch/S1c954.c           Func_801c954               ->     40 drop=- 
scratch/S1c954b.c          Func_801c954               ->     42 drop=- 
scratch/S3d6c.c            Func_80a3d6c               ->      6 drop=- 
scratch/S3d6c_B.c          Func_80a3d6c               ->     19 drop=- 
scratch/S3d6c_C.c          Func_80a3d6c               ->     19 drop=- 
scratch/S9794.c: no reference found
scratch/S9794_B.c: no reference found
scratch/Se10.c: no reference found
scratch/T815c.c            OvlFunc_919_200815c        ->     17 drop=- 
scratch/T815cb.c           OvlFunc_919_200815c        -> 1000000000 drop=- 
scratch/T815cc.c           OvlFunc_919_200815c        ->     13 drop=- 
scratch/T8f50.c            OvlFunc_960_2008f50        ->     40 drop=- 
scratch/T8f50_B.c          OvlFunc_960_2008f50        ->     40 drop=- 
scratch/Tc1084.c           Func_80c1084               ->      9 drop=- 
scratch/Tc1084b.c          Func_80c1084               ->      9 drop=- 
scratch/Tc1084c.c          Func_80c1084               ->      9 drop=- 
scratch/Tc794.c            OvlFunc_959_200c794        ->      6 drop=- 
scratch/Tc794_B.c          OvlFunc_959_200c794        ->      6 drop=- 
scratch/Tc794_C.c          OvlFunc_959_200c794        ->    131 drop=__MapActor_Emote,__Func_809280c 
scratch/Tcbfc.c: no reference found
scratch/Tcbfc_B.c: no reference found
scratch/Tcbfc_C.c: no reference found
scratch/Tcbfc_D.c: no reference found
scratch/U8428u.c           OvlFunc_899_2008428        ->      2 drop=- 
scratch/Ua188.c: no reference found
scratch/Ua188_B.c: no reference found
scratch/Ua188_C.c: no reference found
scratch/V8150.c            OvlFunc_909_2008150        ->      4 drop=- 
scratch/V8150b.c           OvlFunc_909_2008150        ->      4 drop=- 
scratch/V8150c.c           OvlFunc_909_2008150        ->      4 drop=- 
scratch/V8eb0.c            OvlFunc_939_2008eb0        ->      7 drop=__MapActor_Emote 
scratch/V8eb0_B.c          OvlFunc_939_2008eb0        ->      7 drop=__MapActor_Emote 
scratch/Va2144.c           Func_80a2144               ->     24 drop=- 
scratch/Va2144b.c          Func_80a2144               ->     21 drop=- 
scratch/W90a0.c            OvlFunc_943_20090a0        ->     16 drop=__Func_80921c4 
scratch/W90a0_B.c          OvlFunc_943_20090a0        ->     16 drop=__Func_80921c4 
scratch/W90a0_C.c          OvlFunc_943_20090a0        ->     10 drop=- 
scratch/W90a0_D.c          OvlFunc_943_20090a0        ->      2 drop=- 
scratch/W90a0_E.c          OvlFunc_943_20090a0        ->     30 drop=__Func_80921c4,__MapActor_SetSpeed,__MapActor_SetPos,__MapActor_Emote,__Func_8092adc 
scratch/W90a0_F.c          OvlFunc_943_20090a0        ->      2 drop=- 
scratch/W90a0_G.c          OvlFunc_943_20090a0        ->      2 drop=- 
scratch/W90a0_ST2.c        OvlFunc_943_20090a0        ->     83 drop=__Func_80921c4 
scratch/W90a0_STRUCT.c     OvlFunc_943_20090a0        ->     83 drop=__Func_80921c4 
scratch/Wa1bdc.c: no reference found
scratch/Wa1bdcb.c: no reference found
scratch/Wa1bdcc.c: no reference found
scratch/Wa2144.c           Func_80a2144               ->     30 drop=- 
scratch/Wa2144b.c          Func_80a2144               ->     11 drop=- 
scratch/Waf30.c            OvlFunc_968_200af30        ->     18 drop=OvlFunc_968_2008058 
scratch/Waf30b.c           OvlFunc_968_200af30        ->     18 drop=OvlFunc_968_2008058 
scratch/X93054.c           Func_8093054               ->     35 drop=Func_8092c40 
scratch/X93054b.c          Func_8093054               ->     35 drop=Func_8092c40 
scratch/X93054c.c          Func_8093054               ->     41 drop=- 
scratch/X95e0.c: no reference found
scratch/X95e0_B.c: no reference found
scratch/X95e0_C.c: no reference found
scratch/Xd6504.c           Task_SpinCamera            ->     28 drop=- 
scratch/Xd6504b.c          Task_SpinCamera            ->     28 drop=- 
scratch/Xd6504c.c          Task_SpinCamera            ->     28 drop=- 
scratch/Y1be0.c            DecompressIcon             ->     27 drop=- 
scratch/Y1be0b.c           DecompressIcon             ->     27 drop=- 
scratch/Y9684.c            OvlFunc_943_2009684        ->     64 drop=- 
scratch/Y9684_B.c          OvlFunc_943_2009684        ->     64 drop=- 
scratch/Y9684_C.c          OvlFunc_943_2009684        ->     64 drop=- 
scratch/Y9684_D.c          OvlFunc_943_2009684        ->     55 drop=- 
scratch/Y9684_E.c          OvlFunc_943_2009684        ->     55 drop=- 
scratch/Y9684_F.c          OvlFunc_943_2009684        ->     17 drop=- 
scratch/Y9684_G.c          OvlFunc_943_2009684        ->     17 drop=- 
scratch/Y9684_H.c          OvlFunc_943_2009684        ->     64 drop=- 
scratch/Y9684_I.c          OvlFunc_943_2009684        ->     64 drop=- 
scratch/Yb0a20.c           Func_80b0a20               ->     21 drop=- 
scratch/Yb0a20b.c          Func_80b0a20               ->     21 drop=- 
scratch/Z167e0.c           Func_80167e0               ->     46 drop=- 
scratch/Z90d8.c: no reference found
scratch/Z90d8_B.c: no reference found
scratch/a0fc.c: no reference found
scratch/aa9078.c           OvlFunc_927_2009078        ->     71 drop=- 
scratch/aa9078b.c          OvlFunc_927_2009078        ->     71 drop=- 
scratch/aa9078c.c          OvlFunc_927_2009078        ->     77 drop=- 
scratch/aa9078d.c          OvlFunc_927_2009078        ->     74 drop=- 
scratch/aa9078e.c          OvlFunc_927_2009078        ->     71 drop=- 
scratch/aa9078f.c          OvlFunc_927_2009078        ->     75 drop=- 
scratch/ab1c.c: no reference found
scratch/ab8350.c           OvlFunc_901_2008350        ->     77 drop=- 
scratch/ab92b4.c           OvlFunc_946_20092b4        ->     59 drop=__Func_8010704,__Func_8092b08 
scratch/ab92b4b.c          OvlFunc_946_20092b4        ->     14 drop=- 
scratch/ab92b4c.c          OvlFunc_946_20092b4        ->     59 drop=__Func_8010704,__Func_8092b08 
scratch/ab92b4d.c          OvlFunc_946_20092b4        ->     14 drop=- 
scratch/ab92b4e.c          OvlFunc_946_20092b4        ->      2 drop=- 
scratch/ab92b4f.c          OvlFunc_946_20092b4        ->      2 drop=- 
scratch/ab92b4g.c          OvlFunc_946_20092b4        ->      2 drop=- 
scratch/ac9494.c           OvlFunc_946_2009494        ->      4 drop=- 
scratch/ac9494b.c          OvlFunc_946_2009494        ->      4 drop=- 
scratch/ac9494c.c          OvlFunc_946_2009494        ->      4 drop=- 
scratch/ad9b5dc.c: no reference found
scratch/ae809c.c           OvlFunc_909_200809c        ->     24 drop=- 
scratch/ae809cb.c          OvlFunc_909_200809c        ->     24 drop=- 
scratch/ae91b4.c           OvlFunc_923_20091b4        ->      2 drop=- 
scratch/ae91b4b.c          OvlFunc_923_20091b4        ->     11 drop=- 
scratch/ae91b4c.c          OvlFunc_923_20091b4        ->      2 drop=- 
scratch/ae91b4d.c          OvlFunc_923_20091b4        ->      2 drop=- 
scratch/ae91b4e.c          OvlFunc_923_20091b4        ->     10 drop=__CutsceneEnd 
scratch/af8dd0.c           OvlFunc_951_2008dd0        ->     23 drop=- 
scratch/af8dd0b.c          OvlFunc_951_2008dd0        ->     25 drop=- 
scratch/af8dd0c.c          OvlFunc_951_2008dd0        ->     26 drop=- 
scratch/af8dd0d.c          OvlFunc_951_2008dd0        ->     25 drop=- 
scratch/ag_base.c: no reference found
scratch/ag_v1.c: no reference found
scratch/ag_v2.c: no reference found
scratch/ag_v3.c: no reference found
scratch/ah8acc.c           OvlFunc_898_2008acc        ->      6 drop=- 
scratch/ah8accb.c          OvlFunc_898_2008acc        ->     13 drop=- 
scratch/ah8accc.c          OvlFunc_898_2008acc        ->      6 drop=- 
scratch/ah90e0.c: no reference found
scratch/ah90e0b.c: no reference found
scratch/ai8e00.c           OvlFunc_946_2008e00        ->     54 drop=- 
scratch/ai8e00b.c          OvlFunc_946_2008e00        ->     54 drop=- 
scratch/b4c8.c             OvlFunc_883_200b4c8        ->    980 drop=- 
scratch/b4c8_A.c           OvlFunc_883_200b4c8        ->    976 drop=- 
scratch/b4c8_B.c           OvlFunc_883_200b4c8        ->    950 drop=- 
scratch/b4c8_C.c           OvlFunc_883_200b4c8        ->    988 drop=- 
scratch/b4c8_D.c           OvlFunc_883_200b4c8        ->    950 drop=- 
scratch/b4c8_E.c           OvlFunc_883_200b4c8        ->    988 drop=- 
scratch/b4c8_F.c           OvlFunc_883_200b4c8        ->    950 drop=- 
scratch/b4c8_G.c           OvlFunc_883_200b4c8        ->    977 drop=- 
scratch/b4c8_H.c           OvlFunc_883_200b4c8        ->    977 drop=- 
scratch/b4c8_I.c           OvlFunc_883_200b4c8        ->    936 drop=- 
scratch/b4c8_J.c           OvlFunc_883_200b4c8        ->    977 drop=- 
scratch/b4c8_K.c           OvlFunc_883_200b4c8        ->    977 drop=- 
scratch/b4c8_L.c           OvlFunc_883_200b4c8        ->    977 drop=- 
scratch/big.c              OvlFunc_883_200834c        ->     28 drop=- 
scratch/big2.c             OvlFunc_883_200834c        ->     29 drop=- 
scratch/c0018.c: no reference found
scratch/c0018_A.c: no reference found
scratch/c0018_B.c: no reference found
scratch/c0018_C.c: no reference found
scratch/c0018_D.c: no reference found
scratch/c10cc.c: no reference found
scratch/c17c0.c: no reference found
scratch/c17c0_all.c: no reference found
scratch/c17c0_lit.c: no reference found
scratch/c1e71c.c           SetTextColor               ->      5 drop=- 
scratch/c1e71c_B.c         SetTextColor               ->      6 drop=- 
scratch/c1e71c_C.c         SetTextColor               ->      5 drop=- 
scratch/c1e71c_D.c         SetTextColor               ->      5 drop=- 
scratch/c1e71c_E.c         SetTextColor               ->      5 drop=- 
scratch/c1e71c_F.c         SetTextColor               ->      6 drop=- 
scratch/c1e71c_lit.c       SetTextColor               ->      4 drop=- 
scratch/c1ebd8.c: no reference found
scratch/c1ef08.c: no reference found
scratch/c1ef08_both.c: no reference found
scratch/c1ef08_lit.c: no reference found
scratch/c216e8.c: no reference found
scratch/c216e8_A.c: no reference found
scratch/c216e8_B.c: no reference found
scratch/c216e8_C.c: no reference found
scratch/c216e8_D.c: no reference found
scratch/c2380.c            OvlFunc_common2_380        ->     51 drop=- 
scratch/c2380_A.c          OvlFunc_common2_380        ->     30 drop=- 
scratch/c2380_B.c          OvlFunc_common2_380        ->     51 drop=- 
scratch/c2380_C.c          OvlFunc_common2_380        ->     30 drop=- 
scratch/c25180.c: no reference found
scratch/c335c.c: no reference found
scratch/c335c_A.c: no reference found
scratch/c3a6c.c: no reference found
scratch/c4db4.c: no reference found
scratch/c4db4_hoist.c: no reference found
scratch/c51d0.c            Func_80a51d0               ->     37 drop=- 
scratch/c51d0_A.c          Func_80a51d0               ->     24 drop=- 
scratch/c70ac.c            Func_80270ac               ->     19 drop=- 
scratch/c79d1c.c: no reference found
scratch/c8030.c: no reference found
scratch/c8030_A.c: no reference found
scratch/c8030_B.c: no reference found
scratch/c8030_nohoist.c: no reference found
scratch/c8040.c: no reference found
scratch/c8040_A.c: no reference found
scratch/c8040_B.c: no reference found
scratch/c806c.c            OvlFunc_962_200806c        ->     36 drop=- 
scratch/c806c_L.c          OvlFunc_962_200806c        ->     36 drop=- 
scratch/c806c_T.c          OvlFunc_962_200806c        ->     36 drop=- 
scratch/c8078.c            OvlFunc_966_2008078        ->      2 drop=- 
scratch/c807c.c: no reference found
scratch/c808c.c: no reference found
scratch/c8100.c: no reference found
scratch/c8100_A.c: no reference found
scratch/c8100_B.c: no reference found
scratch/c8100_C.c: no reference found
scratch/c8100_D.c: no reference found
scratch/c8100_E.c: no reference found
scratch/c8100_F.c: no reference found
scratch/c8120_A.c          OvlFunc_961_2008120        ->      2 drop=- 
scratch/c8120_B.c          OvlFunc_961_2008120        ->      2 drop=- 
scratch/c8120_C.c          OvlFunc_961_2008120        ->      2 drop=- 
scratch/c8120_np.c         OvlFunc_961_2008120        ->      2 drop=- 
scratch/c814c.c: no reference found
scratch/c8158.c            OvlFunc_954_2008158        ->      3 drop=__StartTask 
scratch/c8214.c: no reference found
scratch/c8238.c: no reference found
scratch/c8274.c: no reference found
scratch/c8274_A.c: no reference found
scratch/c8274_B.c: no reference found
scratch/c8274_C.c: no reference found
scratch/c8288.c            OvlFunc_963_2008288        ->      2 drop=- 
scratch/c82e8.c: no reference found
scratch/c82e8_A.c: no reference found
scratch/c82e8_B.c: no reference found
scratch/c82e8_C.c: no reference found
scratch/c82e8_D.c: no reference found
scratch/c8304.c: no reference found
scratch/c8304_A.c: no reference found
scratch/c8304_B.c: no reference found
scratch/c8304_C.c: no reference found
scratch/c8304_D.c: no reference found
scratch/c8310.c: no reference found
scratch/c8314.c: no reference found
scratch/c8344.c: no reference found
scratch/c8344_A.c: no reference found
scratch/c837c.c: no reference found
scratch/c83b4.c: no reference found
scratch/c83b4_shr.c: no reference found
scratch/c83dc.c: no reference found
scratch/c83f4.c: no reference found
scratch/c840c.c: no reference found
scratch/c8428.c            OvlFunc_899_2008428        ->      2 drop=- 
scratch/c842c.c            OvlFunc_954_200842c        ->      9 drop=- 
scratch/c842c_A.c          OvlFunc_954_200842c        ->      9 drop=- 
scratch/c842c_B.c          OvlFunc_954_200842c        ->     13 drop=- 
scratch/c842c_C.c          OvlFunc_954_200842c        ->     13 drop=- 
scratch/c842c_D.c          OvlFunc_954_200842c        ->      9 drop=- 
scratch/c842c_E.c          OvlFunc_954_200842c        ->      9 drop=- 
scratch/c842c_F.c          OvlFunc_954_200842c        ->      9 drop=- 
scratch/c8444.c: no reference found
scratch/c84dc.c: no reference found
scratch/c84ec.c: no reference found
scratch/c854c.c: no reference found
scratch/c8598.c            OvlFunc_929_2008598        ->      4 drop=- 
scratch/c8598_A.c          OvlFunc_929_2008598        ->      4 drop=- 
scratch/c85cc.c: no reference found
scratch/c85cc_A.c: no reference found
scratch/c85d4.c: no reference found
scratch/c862c.c            OvlFunc_955_200862c        ->      8 drop=- 
scratch/c862c_A.c          OvlFunc_955_200862c        ->      8 drop=- 
scratch/c862c_bad.c        OvlFunc_955_200862c        ->     34 drop=__Func_8010704 
scratch/c8640.c            OvlFunc_901_2008640        ->     20 drop=- 
scratch/c8640_B.c          OvlFunc_901_2008640        ->     20 drop=- 
scratch/c8640_C.c          OvlFunc_901_2008640        ->     20 drop=- 
scratch/c8640_D.c          OvlFunc_901_2008640        ->     20 drop=- 
scratch/c8640_E.c          OvlFunc_901_2008640        ->     39 drop=__Func_8092848,__MapActor_SetAnim 
scratch/c8640_F.c          OvlFunc_901_2008640        ->     18 drop=- 
scratch/c8640_G.c          OvlFunc_901_2008640        ->     17 drop=- 
scratch/c8640_H.c          OvlFunc_901_2008640        ->     17 drop=- 
scratch/c8640_I.c          OvlFunc_901_2008640        ->     21 drop=- 
scratch/c866c.c: no reference found
scratch/c8714.c: no reference found
scratch/c8730.c: no reference found
scratch/c87a4.c: no reference found
scratch/c87ec.c            OvlFunc_898_20087ec        ->      4 drop=- 
scratch/c885c.c            OvlFunc_898_200885c        ->      4 drop=- 
scratch/c8870___Func_8010704.c OvlFunc_930_2008870        ->      6 drop=- 
scratch/c8870___Func_808edac.c OvlFunc_930_2008870        ->      6 drop=- 
scratch/c8870___MapActor_SetPos.c OvlFunc_930_2008870        ->      3 drop=- 
scratch/c8870_base.c       OvlFunc_930_2008870        ->      3 drop=- 
scratch/c8870_int.c        OvlFunc_930_2008870        ->      3 drop=- 
scratch/c891c.c: no reference found
scratch/c891c_A.c: no reference found
scratch/c891c_B.c: no reference found
scratch/c891c_C.c: no reference found
scratch/c8968.c: no reference found
scratch/c898.c: no reference found
scratch/c898p.c: no reference found
scratch/c898q.c: no reference found
scratch/c898r.c: no reference found
scratch/c898s.c: no reference found
scratch/c89b0.c: no reference found
scratch/c89b4.c: no reference found
scratch/c8a48.c: no reference found
scratch/c8a48_A.c: no reference found
scratch/c8a48_B.c: no reference found
scratch/c8a48_C.c: no reference found
scratch/c8a4c.c: no reference found
scratch/c8a84.c: no reference found
scratch/c8acc.c            OvlFunc_898_2008acc        ->      4 drop=- 
scratch/c8acc_A.c          OvlFunc_898_2008acc        ->      4 drop=- 
scratch/c8acc_B.c          OvlFunc_898_2008acc        ->      4 drop=- 
scratch/c8acc_C.c          OvlFunc_898_2008acc        ->      4 drop=- 
scratch/c8acc_D.c          OvlFunc_898_2008acc        ->      4 drop=- 
scratch/c8af8.c: no reference found
scratch/c8c98.c: no reference found
scratch/c8cf8.c: no reference found
scratch/c8cf8_all_lit.c: no reference found
scratch/c8cf8_all_y.c: no reference found
scratch/c8d04.c: no reference found
scratch/c8d10.c: no reference found
scratch/c8d70.c: no reference found
scratch/c8d90.c: no reference found
scratch/c8d90_A.c: no reference found
scratch/c8d90_B.c: no reference found
scratch/c8d90_C.c: no reference found
scratch/c8d90_D.c: no reference found
scratch/c8dc0.c            OvlFunc_883_2008dc0        ->      3 drop=- 
scratch/c8e20.c: no reference found
scratch/c8e20_A.c: no reference found
scratch/c8e34.c            OvlFunc_887_2008e34        ->     23 drop=__Func_8093054 
scratch/c8e4c.c: no reference found
scratch/c8e80.c: no reference found
scratch/c8ed8.c            OvlFunc_922_2008ed8        ->     32 drop=- 
scratch/c8ed8_A.c          OvlFunc_922_2008ed8        ->      8 drop=- 
scratch/c8ed8_B.c          OvlFunc_922_2008ed8        ->     29 drop=__Func_80929d8 
scratch/c8ed8_C.c          OvlFunc_922_2008ed8        ->     11 drop=- 
scratch/c8ee0.c: no reference found
scratch/c8f.c: no reference found
scratch/c8f0d8.c: no reference found
scratch/c8f0d8_B.c: no reference found
scratch/c8f3c.c: no reference found
scratch/c8f3c_A.c: no reference found
scratch/c8f3c_B.c: no reference found
scratch/c8f48.c            OvlFunc_923_2008f48        ->      2 drop=- 
scratch/c8f_nomask.c: no reference found
scratch/c8f_right.c: no reference found
scratch/c8fb4.c: no reference found
scratch/c8fd0.c: no reference found
scratch/c901.c: no reference found
scratch/c9010.c: no reference found
scratch/c901p.c: no reference found
scratch/c901q.c: no reference found
scratch/c906c.c: no reference found
scratch/c906c_A.c: no reference found
scratch/c906c_B.c: no reference found
scratch/c906c_C.c: no reference found
scratch/c913c.c: no reference found
scratch/c914.c: no reference found
scratch/c91660.c: no reference found
scratch/c91d0.c: no reference found
scratch/c91d8.c            OvlFunc_883_20091d8        ->     26 drop=__Func_80921c4 
scratch/c9280.c: no reference found
scratch/c9280_A.c: no reference found
scratch/c92a1c.c           Func_8092a1c               ->      6 drop=- 
scratch/c9334.c: no reference found
scratch/c93ac.c: no reference found
scratch/c9458.c            OvlFunc_964_2009458        ->      3 drop=- 
scratch/c9458_A.c          OvlFunc_964_2009458        ->      3 drop=- 
scratch/c9458_B.c          OvlFunc_964_2009458        ->      3 drop=- 
scratch/c9458_C.c          OvlFunc_964_2009458        ->     23 drop=- 
scratch/c9458_D.c          OvlFunc_964_2009458        ->      3 drop=- 
scratch/c9458_E.c          OvlFunc_964_2009458        ->      7 drop=- 
scratch/c9458_F.c          OvlFunc_964_2009458        ->      7 drop=- 
scratch/c9458_uc.c         OvlFunc_964_2009458        ->      4 drop=- 
scratch/c9458_uc2.c        OvlFunc_964_2009458        ->      5 drop=- 
scratch/c9494_np.c         OvlFunc_946_2009494        ->      4 drop=- 
scratch/c960c.c: no reference found
scratch/c962.c             OvlFunc_962_200806c        ->     36 drop=- 
scratch/c96c80.c: no reference found
scratch/c96c80_A.c: no reference found
scratch/c96c80_B.c: no reference found
scratch/c96c80_C.c: no reference found
scratch/c96c80_D.c: no reference found
scratch/c96c80_E.c: no reference found
scratch/c9770.c: no reference found
scratch/c97fc.c            OvlFunc_881_20097fc        ->     38 drop=__Func_80933f8 
scratch/c985c.c: no reference found
scratch/c985c_A.c: no reference found
scratch/c985c_B.c: no reference found
scratch/c985c_C.c: no reference found
scratch/c985c_D.c: no reference found
scratch/c985c_E.c: no reference found
scratch/c985c_F.c: no reference found
scratch/c985c_G.c: no reference found
scratch/c985c_H.c: no reference found
scratch/c985c_I.c: no reference found
scratch/c985c_final.c: no reference found
scratch/c9888.c            OvlFunc_881_2009888        ->     51 drop=__MapActor_SetPos,__MapActor_SetSpeed 
scratch/c99e8.c: no reference found
scratch/c99e8_lit.c: no reference found
scratch/c9a10.c: no reference found
scratch/c9a10_A.c: no reference found
scratch/c9a10_B.c: no reference found
scratch/c9a10_C.c: no reference found
scratch/c9a10_D.c: no reference found
scratch/c9a10_E.c: no reference found
scratch/c9a10_F.c: no reference found
scratch/c9ab0.c: no reference found
scratch/c9ade8.c: no reference found
scratch/c9bc8.c            OvlFunc_923_2009bc8        ->     26 drop=- 
scratch/c9bc8_A.c          OvlFunc_923_2009bc8        ->     26 drop=- 
scratch/c9bc8_B.c          OvlFunc_923_2009bc8        ->     10 drop=- 
scratch/c9bc8_C.c          OvlFunc_923_2009bc8        ->      7 drop=- 
scratch/c9be4.c: no reference found
scratch/c9c6c.c: no reference found
scratch/c9d7c.c: no reference found
scratch/c9dc4.c: no reference found
scratch/c9dc4_A.c: no reference found
scratch/c9f14.c: no reference found
scratch/c9f14_A.c: no reference found
scratch/c9f14_B.c: no reference found
scratch/c9f14_C.c: no reference found
scratch/c9f14_D.c: no reference found
scratch/c9f14_E.c: no reference found
scratch/c9f14_F.c: no reference found
scratch/c9f14_G.c: no reference found
scratch/c9f78.c: no reference found
scratch/c9f78_A.c: no reference found
scratch/c9f78_B.c: no reference found
scratch/c9fac.c: no reference found
scratch/c9fac_A.c: no reference found
scratch/c9fac_B.c: no reference found
scratch/c9fd8.c: no reference found
scratch/c9fd8_A.c: no reference found
scratch/c9fd8_B.c: no reference found
scratch/ca3a0.c: no reference found
scratch/ca3a0_B.c: no reference found
scratch/ca3a0_C.c: no reference found
scratch/ca3a0_D.c: no reference found
scratch/ca3a0_E.c: no reference found
scratch/ca3a0_F.c: no reference found
scratch/ca3a0_single.c: no reference found
scratch/ca428.c: no reference found
scratch/ca428_A.c: no reference found
scratch/ca460.c: no reference found
scratch/ca460_A.c: no reference found
scratch/ca47b4.c: no reference found
scratch/ca47b4_A.c: no reference found
scratch/ca47b4_B.c: no reference found
scratch/ca47b4_C.c: no reference found
scratch/ca47b4_D.c: no reference found
scratch/ca47b4_E.c: no reference found
scratch/ca47b4_F.c: no reference found
scratch/ca47b4_G.c: no reference found
scratch/ca47b4_H.c: no reference found
scratch/ca47b4_I.c: no reference found
scratch/ca47b4_J.c: no reference found
scratch/ca47b4_K.c: no reference found
scratch/ca47b4_L.c: no reference found
scratch/ca47b4_M.c: no reference found
scratch/ca47b4_N.c: no reference found
scratch/ca47b4_O.c: no reference found
scratch/ca47b4_P.c: no reference found
scratch/ca47b4_int.c: no reference found
scratch/ca4c.c: no reference found
scratch/ca4cc.c: no reference found
scratch/ca8dc.c: no reference found
scratch/ca8dc_hoist.c: no reference found
scratch/cab58.c            OvlFunc_932_200ab58        ->     11 drop=- 
scratch/cab58_A.c          OvlFunc_932_200ab58        ->      7 drop=- 
scratch/cab58_B.c          OvlFunc_932_200ab58        ->      7 drop=- 
scratch/cab58_C.c          OvlFunc_932_200ab58        ->      7 drop=- 
scratch/cab58_D.c          OvlFunc_932_200ab58        ->      7 drop=- 
scratch/cab58_E.c          OvlFunc_932_200ab58        ->      7 drop=- 
scratch/cab58_F.c          OvlFunc_932_200ab58        ->      7 drop=- 
scratch/cab58_G.c          OvlFunc_932_200ab58        ->      7 drop=- 
scratch/cab58_us.c         OvlFunc_932_200ab58        ->      7 drop=- 
scratch/cabc.c: no reference found
scratch/cac1c.c            OvlFunc_897_200ac1c        ->     14 drop=- 
scratch/cac1c_A.c          OvlFunc_897_200ac1c        ->     14 drop=- 
scratch/cac1c_B.c          OvlFunc_897_200ac1c        ->     14 drop=- 
scratch/cb0444.c: no reference found
scratch/cb2b0.c: no reference found
scratch/cb2b0_A.c: no reference found
scratch/cb2b0_B.c: no reference found
scratch/cb2b0_C.c: no reference found
scratch/cb2b0_D.c: no reference found
scratch/cb2ed8.c           Func_80b2ed8               ->     26 drop=- 
scratch/cb2ed8_A.c         Func_80b2ed8               ->     18 drop=_Func_8019908 
scratch/cb2ed8_Anp.c       Func_80b2ed8               ->     18 drop=_Func_8019908 
scratch/cb2ed8_B.c         Func_80b2ed8               ->     18 drop=_Func_8019908 
scratch/cb2ed8_C.c         Func_80b2ed8               ->     26 drop=- 
scratch/cb2ed8_D.c         Func_80b2ed8               ->     18 drop=_Func_8019908 
scratch/cb2ed8_Dnp.c       Func_80b2ed8               ->     18 drop=_Func_8019908 
scratch/cb30.c: no reference found
scratch/cb30_A.c: no reference found
scratch/cb30_B.c: no reference found
scratch/cb30_C.c: no reference found
scratch/cb30_D.c: no reference found
scratch/cb334.c: no reference found
scratch/cb5dc.c: no reference found
scratch/cb600.c            OvlFunc_969_200b600        ->     10 drop=- 
scratch/cb600_A.c          OvlFunc_969_200b600        ->      8 drop=- 
scratch/cb600_B.c          OvlFunc_969_200b600        ->      6 drop=- 
scratch/cb600_C.c          OvlFunc_969_200b600        ->      8 drop=- 
scratch/cb600_D.c          OvlFunc_969_200b600        ->      8 drop=- 
scratch/cb600_E.c          OvlFunc_969_200b600        ->      7 drop=- 
scratch/cb6eb4.c: no reference found
scratch/cb6eb4_A.c: no reference found
scratch/cb8000.c           Func_80b8000               ->     33 drop=- 
scratch/cb8000_A.c         Func_80b8000               ->     16 drop=- 
scratch/cb8000_B.c         Func_80b8000               ->     33 drop=- 
scratch/cb8000_C.c         Func_80b8000               ->     16 drop=- 
scratch/cb84c0.c           Func_80b84c0               ->     48 drop=- 
scratch/cb84c0_A.c         Func_80b84c0               ->     49 drop=- 
scratch/cb84c0_B.c         Func_80b84c0               ->     48 drop=- 
scratch/cb8f08.c: no reference found
scratch/cb8f08_A.c: no reference found
scratch/cb8f08_B.c: no reference found
scratch/cb8f08_sub.c: no reference found
scratch/cb950.c: no reference found
scratch/cba44.c: no reference found
scratch/cbc34.c            UploadIcon                 ->     38 drop=- 
scratch/cbc34_A.c          UploadIcon                 ->     38 drop=- 
scratch/cbf250.c           Func_80bf250               ->     31 drop=- 
scratch/cbf37c.c           Func_80bf37c               ->     18 drop=- 
scratch/cbf37c_A.c         Func_80bf37c               ->     18 drop=- 
scratch/cbf37c_B.c         Func_80bf37c               ->     26 drop=- 
scratch/cbf37c_C.c         Func_80bf37c               ->     20 drop=- 
scratch/cblit.c            Task_BlitAnim              ->     32 drop=- 
scratch/cblit_A.c          Task_BlitAnim              ->     29 drop=- 
scratch/cblit_B.c          Task_BlitAnim              ->     34 drop=- 
scratch/cc244.c            Func_801c244               ->     27 drop=- 
scratch/cc44c.c: no reference found
scratch/cc638.c: no reference found
scratch/cc638_A.c: no reference found
scratch/cc7cc.c: no reference found
scratch/cc840.c: no reference found
scratch/cclear_A.c: no reference found
scratch/cclear_B.c: no reference found
scratch/cd58.c: no reference found
scratch/cdb48.c: no reference found
scratch/cdf4.c: no reference found
scratch/ce6948.c: no reference found
scratch/ce6948_reuse.c: no reference found
scratch/ce6948_swap.c: no reference found
scratch/csum.c: no reference found
scratch/csum_A.c: no reference found
scratch/csum_B.c: no reference found
scratch/ctrl.c: no reference found
scratch/ctrl_v.c: no reference found
scratch/cunl.c             Anim_UnleashIntro          ->     59 drop=- 
scratch/cunl_A.c           Anim_UnleashIntro          ->      2 drop=StartTask 
scratch/cunl_B.c           Anim_UnleashIntro          ->      2 drop=- 
scratch/cunl_C.c           Anim_UnleashIntro          ->      2 drop=- 
scratch/cunl_D.c           Anim_UnleashIntro          ->      2 drop=- 
scratch/cunl_E.c           Anim_UnleashIntro          ->      2 drop=- 
scratch/cunl_F.c           Anim_UnleashIntro          ->      2 drop=- 
scratch/cunl_G.c           Anim_UnleashIntro          ->      2 drop=- 
scratch/cv.c: no reference found
scratch/cyesno.c           YesNoMenu                  ->     39 drop=- 
scratch/cyesno_A.c         YesNoMenu                  ->     39 drop=- 
scratch/d8304.c: no reference found
scratch/d8598.c            OvlFunc_929_2008598        ->      4 drop=- 
scratch/d8598_B.c          OvlFunc_929_2008598        ->      4 drop=- 
scratch/d85cc.c: no reference found
scratch/d85cc_A.c: no reference found
scratch/d85cc_B.c: no reference found
scratch/d9fd8.c: no reference found
scratch/dA.c               OvlFunc_948_2009df8        ->     18 drop=- 
scratch/dB.c               OvlFunc_948_2009df8        ->     18 drop=- 
scratch/dC.c               OvlFunc_948_2009df8        ->     20 drop=- 
scratch/dD.c               OvlFunc_948_2009df8        ->     18 drop=- 
scratch/dE.c               OvlFunc_948_2009df8        ->     18 drop=- 
scratch/d_2008b40.c: no reference found
scratch/d_2008b9c.c: no reference found
scratch/d_2008cc8.c: no reference found
scratch/da48.c: no reference found
scratch/dblit.c            Task_BlitAnim              ->      5 drop=- 
scratch/dblit_A.c          Task_BlitAnim              ->     11 drop=- 
scratch/dblit_B.c          Task_BlitAnim              ->      5 drop=- 
scratch/dblit_C.c          Task_BlitAnim              ->      6 drop=- 
scratch/dblit_D.c          Task_BlitAnim              ->      5 drop=- 
scratch/dblit_E.c          Task_BlitAnim              ->      3 drop=- 
scratch/dblit_F.c          Task_BlitAnim              ->     11 drop=- 
scratch/dblit_G.c          Task_BlitAnim              ->      3 drop=- 
